
> clientify-pwa@1.0.0 build
> vite build

vite v5.4.21 building for production...
transforming...
✓ 162 modules transformed.
rendering chunks...
computing gzip size...
dist/index.html                              4.85 kB │ gzip:   1.95 kB
dist/assets/TableFilter-CL3XJCte.js          2.01 kB │ gzip:   0.90 kB
dist/assets/ExportMenu-Citf-LYv.js           3.16 kB │ gzip:   0.96 kB
dist/assets/Trash-cwf2gukF.js                5.82 kB │ gzip:   1.34 kB
dist/assets/Reminders-DjglPUN8.js           11.34 kB │ gzip:   2.57 kB
dist/assets/ITViewIcon-DVuXcFT9.js          18.08 kB │ gzip:   3.17 kB
dist/assets/CourtDrop-CTQSNPao.js           19.00 kB │ gzip:   3.52 kB
dist/assets/TribunalDrop-DJ--LbjY.js        19.21 kB │ gzip:   3.55 kB
dist/assets/invoicesetting-D37u-PiU.js      19.78 kB │ gzip:   2.88 kB
dist/assets/AppealDrop-qd0Vnqd9.js          20.06 kB │ gzip:   3.65 kB
dist/assets/CourtDemand-DaiubZpt.js         21.13 kB │ gzip:   3.79 kB
dist/assets/MSMERegistration-Ds8AREOD.js    21.93 kB │ gzip:   4.06 kB
dist/assets/TribunalDemand-BbobW3Da.js      22.05 kB │ gzip:   3.91 kB
dist/assets/NoticeForm-BySIhG03.js          22.06 kB │ gzip:   3.14 kB
dist/assets/AppealDemand-YO068XfG.js        22.38 kB │ gzip:   3.89 kB
dist/assets/Messenger-DPG8nH0G.js           23.28 kB │ gzip:   4.76 kB
dist/assets/GSTR4-DPyyFqlk.js               23.72 kB │ gzip:   5.48 kB
dist/assets/Miscellaneouswork-DvXRDTbq.js   23.81 kB │ gzip:   4.17 kB
dist/assets/CourtFiled-BXTdfA3e.js          23.87 kB │ gzip:   4.15 kB
dist/assets/TribunalFiled-DI-Bvqw4.js       24.10 kB │ gzip:   4.15 kB
dist/assets/FoodLicenses-B7Ldldsx.js        24.80 kB │ gzip:   4.24 kB
dist/assets/CourtPending-zB28xc0R.js        25.56 kB │ gzip:   4.24 kB
dist/assets/CompositionFiling-DLUQPGhx.js   25.64 kB │ gzip:   5.48 kB
dist/assets/TribunalPending-CY8HXImy.js     25.83 kB │ gzip:   4.25 kB
dist/assets/GSTViewIcon-CdMHfbdq.js         27.31 kB │ gzip:   4.79 kB
dist/assets/DueDateSetting-BuhaK17S.js      28.57 kB │ gzip:   4.22 kB
dist/assets/MonthlyFiling-B9DdY3F0.js       28.59 kB │ gzip:   5.49 kB
dist/assets/QuarterlyFiling-BFjxuxNg.js     28.88 kB │ gzip:   5.53 kB
dist/assets/NoticeDrop-QMfVtIYP.js          29.15 kB │ gzip:   4.57 kB
dist/assets/NoticeDemand-BGmMDriN.js        29.34 kB │ gzip:   4.59 kB
dist/assets/addinvoice-q9Fmjj1I.js          29.55 kB │ gzip:   5.00 kB
dist/assets/AppealFiled-DjoF3D-N.js         29.71 kB │ gzip:   4.74 kB
dist/assets/GSTRegistration-CZhJ1JlH.js     29.90 kB │ gzip:   5.04 kB
dist/assets/AppealPending-De5gZfLb.js       32.17 kB │ gzip:   5.06 kB
dist/assets/Setting-BtnpN98g.js             32.46 kB │ gzip:   5.47 kB
dist/assets/ITRReturn-BlIuapmZ.js           33.44 kB │ gzip:   6.83 kB
dist/assets/ITPortfolio-C1EKsK2f.js         33.84 kB │ gzip:   6.93 kB
dist/assets/NoticeFiled-DnPYORa5.js         37.53 kB │ gzip:   5.42 kB
dist/assets/TAXAudit-NjNJrQ1p.js            38.21 kB │ gzip:   6.20 kB
dist/assets/GSTR9_9C-bhU1UjhU.js            43.63 kB │ gzip:   8.28 kB
dist/assets/PaymentReceived-Cx82pUyD.js     44.75 kB │ gzip:   7.14 kB
dist/assets/NoticePending-C5IzLxnu.js       46.21 kB │ gzip:   6.58 kB
dist/assets/GSTPortfolio-k9Zdqm1N.js        56.22 kB │ gzip:  10.28 kB
dist/assets/Invoices-9aoeBz_P.js            66.02 kB │ gzip:  14.26 kB
dist/assets/main-BhvR2mIe.js               753.13 kB │ gzip: 194.97 kB
dist/assets/html2pdf-DvTt3Mwg.js           982.06 kB │ gzip: 285.34 kB

(!) Some chunks are larger than 500 kB after minification. Consider:
- Using dynamic import() to code-split the application
- Use build.rollupOptions.output.manualChunks to improve chunking: https://rollupjs.org/configuration-options/#output-manualchunks
- Adjust chunk size limit for this warning via build.chunkSizeWarningLimit.
✓ built in 10.68s
